// Jest Snapshot v1, https://goo.gl/fbAQLP

exports[`AnimeDetails renders correctly 1`] = `null`;
