// Jest Snapshot v1, https://goo.gl/fbAQLP

exports[`Registration component renders correctly 1`] = `null`;
