// Jest Snapshot v1, https://goo.gl/fbAQLP

exports[`SideBar component renders correctly 1`] = `""`;
